Archive member included to satisfy reference by file (symbol)

c:/program files (x86)/atollic/truestudio for stm32 9.3.0/armtools/bin/../lib/gcc/arm-atollic-eabi/6.3.1/../../../../arm-atollic-eabi/lib/armv6-m\libc_nano.a(lib_a-errno.o)
                              Src\syscalls.o (__errno)
c:/program files (x86)/atollic/truestudio for stm32 9.3.0/armtools/bin/../lib/gcc/arm-atollic-eabi/6.3.1/../../../../arm-atollic-eabi/lib/armv6-m\libc_nano.a(lib_a-impure.o)
                              c:/program files (x86)/atollic/truestudio for stm32 9.3.0/armtools/bin/../lib/gcc/arm-atollic-eabi/6.3.1/../../../../arm-atollic-eabi/lib/armv6-m\libc_nano.a(lib_a-errno.o) (_impure_ptr)
c:/program files (x86)/atollic/truestudio for stm32 9.3.0/armtools/bin/../lib/gcc/arm-atollic-eabi/6.3.1/../../../../arm-atollic-eabi/lib/armv6-m\libc_nano.a(lib_a-init.o)
                              startup\startup_stm32f031x6.o (__libc_init_array)
c:/program files (x86)/atollic/truestudio for stm32 9.3.0/armtools/bin/../lib/gcc/arm-atollic-eabi/6.3.1/../../../../arm-atollic-eabi/lib/armv6-m\libc_nano.a(lib_a-memcpy-stub.o)
                              Drivers\STM32F0xx_HAL_Driver\Src\stm32f0xx_hal_rcc.o (memcpy)
c:/program files (x86)/atollic/truestudio for stm32 9.3.0/armtools/bin/../lib/gcc/arm-atollic-eabi/6.3.1/../../../../arm-atollic-eabi/lib/armv6-m\libc_nano.a(lib_a-memset.o)
                              Src\main.o (memset)
c:/program files (x86)/atollic/truestudio for stm32 9.3.0/armtools/bin/../lib/gcc/arm-atollic-eabi/6.3.1/armv6-m\libgcc.a(_thumb1_case_uqi.o)
                              Drivers\STM32F0xx_HAL_Driver\Src\stm32f0xx_hal_dma.o (__gnu_thumb1_case_uqi)
c:/program files (x86)/atollic/truestudio for stm32 9.3.0/armtools/bin/../lib/gcc/arm-atollic-eabi/6.3.1/armv6-m\libgcc.a(_udivsi3.o)
                              Drivers\STM32F0xx_HAL_Driver\Src\stm32f0xx_hal.o (__aeabi_uidiv)
c:/program files (x86)/atollic/truestudio for stm32 9.3.0/armtools/bin/../lib/gcc/arm-atollic-eabi/6.3.1/armv6-m\libgcc.a(_dvmd_tls.o)
                              c:/program files (x86)/atollic/truestudio for stm32 9.3.0/armtools/bin/../lib/gcc/arm-atollic-eabi/6.3.1/armv6-m\libgcc.a(_udivsi3.o) (__aeabi_idiv0)
c:/program files (x86)/atollic/truestudio for stm32 9.3.0/armtools/bin/../lib/gcc/arm-atollic-eabi/6.3.1/armv6-m\libgcc.a(_lshrdi3.o)
                              Drivers\STM32F0xx_HAL_Driver\Src\stm32f0xx_hal_flash.o (__aeabi_llsr)

Allocating common symbols
Common symbol       size              file

uwTick              0x4               Drivers\STM32F0xx_HAL_Driver\Src\stm32f0xx_hal.o
pFlash              0x20              Drivers\STM32F0xx_HAL_Driver\Src\stm32f0xx_hal_flash.o
video_memory        0x20              Src\display_drv.o
huart1              0x70              Src\main.o
htim1               0x40              Src\main.o
hspi1               0x64              Src\main.o

Discarded input sections

 .text          0x00000000        0x0 c:/program files (x86)/atollic/truestudio for stm32 9.3.0/armtools/bin/../lib/gcc/arm-atollic-eabi/6.3.1/armv6-m/crti.o
 .data          0x00000000        0x0 c:/program files (x86)/atollic/truestudio for stm32 9.3.0/armtools/bin/../lib/gcc/arm-atollic-eabi/6.3.1/armv6-m/crti.o
 .bss           0x00000000        0x0 c:/program files (x86)/atollic/truestudio for stm32 9.3.0/armtools/bin/../lib/gcc/arm-atollic-eabi/6.3.1/armv6-m/crti.o
 .data          0x00000000        0x4 c:/program files (x86)/atollic/truestudio for stm32 9.3.0/armtools/bin/../lib/gcc/arm-atollic-eabi/6.3.1/armv6-m/crtbegin.o
 .text          0x00000000        0x0 Drivers\STM32F0xx_HAL_Driver\Src\stm32f0xx_hal.o
 .data          0x00000000        0x0 Drivers\STM32F0xx_HAL_Driver\Src\stm32f0xx_hal.o
 .bss           0x00000000        0x0 Drivers\STM32F0xx_HAL_Driver\Src\stm32f0xx_hal.o
 .text.HAL_MspInit
                0x00000000        0x2 Drivers\STM32F0xx_HAL_Driver\Src\stm32f0xx_hal.o
 .text.HAL_MspDeInit
                0x00000000        0x2 Drivers\STM32F0xx_HAL_Driver\Src\stm32f0xx_hal.o
 .text.HAL_DeInit
                0x00000000       0x24 Drivers\STM32F0xx_HAL_Driver\Src\stm32f0xx_hal.o
 .text.HAL_SuspendTick
                0x00000000       0x10 Drivers\STM32F0xx_HAL_Driver\Src\stm32f0xx_hal.o
 .text.HAL_ResumeTick
                0x00000000       0x10 Drivers\STM32F0xx_HAL_Driver\Src\stm32f0xx_hal.o
 .text.HAL_GetHalVersion
                0x00000000        0x8 Drivers\STM32F0xx_HAL_Driver\Src\stm32f0xx_hal.o
 .text.HAL_GetREVID
                0x00000000        0xc Drivers\STM32F0xx_HAL_Driver\Src\stm32f0xx_hal.o
 .text.HAL_GetDEVID
                0x00000000       0x10 Drivers\STM32F0xx_HAL_Driver\Src\stm32f0xx_hal.o
 .text.HAL_GetUIDw0
                0x00000000        0xc Drivers\STM32F0xx_HAL_Driver\Src\stm32f0xx_hal.o
 .text.HAL_GetUIDw1
                0x00000000        0xc Drivers\STM32F0xx_HAL_Driver\Src\stm32f0xx_hal.o
 .text.HAL_GetUIDw2
[...]
Memory Configuration

Name             Origin             Length             Attributes
RAM              0x20000000         0x00001000         xrw
FLASH            0x08000000         0x00008000         xr
*default*        0x00000000         0xffffffff

Linker script and memory map

LOAD c:/program files (x86)/atollic/truestudio for stm32 9.3.0/armtools/bin/../lib/gcc/arm-atollic-eabi/6.3.1/armv6-m/crti.o
LOAD c:/program files (x86)/atollic/truestudio for stm32 9.3.0/armtools/bin/../lib/gcc/arm-atollic-eabi/6.3.1/armv6-m/crtbegin.o
LOAD Drivers\STM32F0xx_HAL_Driver\Src\stm32f0xx_hal.o
LOAD Drivers\STM32F0xx_HAL_Driver\Src\stm32f0xx_hal_cortex.o
LOAD Drivers\STM32F0xx_HAL_Driver\Src\stm32f0xx_hal_dma.o
LOAD Drivers\STM32F0xx_HAL_Driver\Src\stm32f0xx_hal_flash.o
LOAD Drivers\STM32F0xx_HAL_Driver\Src\stm32f0xx_hal_flash_ex.o
LOAD Drivers\STM32F0xx_HAL_Driver\Src\stm32f0xx_hal_gpio.o
LOAD Drivers\STM32F0xx_HAL_Driver\Src\stm32f0xx_hal_i2c.o
LOAD Drivers\STM32F0xx_HAL_Driver\Src\stm32f0xx_hal_i2c_ex.o
LOAD Drivers\STM32F0xx_HAL_Driver\Src\stm32f0xx_hal_pwr.o
LOAD Drivers\STM32F0xx_HAL_Driver\Src\stm32f0xx_hal_pwr_ex.o
LOAD Drivers\STM32F0xx_HAL_Driver\Src\stm32f0xx_hal_rcc.o
LOAD Drivers\STM32F0xx_HAL_Driver\Src\stm32f0xx_hal_rcc_ex.o
LOAD Drivers\STM32F0xx_HAL_Driver\Src\stm32f0xx_hal_spi.o
LOAD Drivers\STM32F0xx_HAL_Driver\Src\stm32f0xx_hal_spi_ex.o
LOAD Drivers\STM32F0xx_HAL_Driver\Src\stm32f0xx_hal_tim.o
LOAD Drivers\STM32F0xx_HAL_Driver\Src\stm32f0xx_hal_tim_ex.o
LOAD Drivers\STM32F0xx_HAL_Driver\Src\stm32f0xx_hal_uart.o
LOAD Drivers\STM32F0xx_HAL_Driver\Src\stm32f0xx_hal_uart_ex.o
LOAD Src\display_drv.o
LOAD Src\font.o
LOAD Src\main.o
LOAD Src\program.o
LOAD Src\stm32f0xx_hal_msp.o
LOAD Src\stm32f0xx_it.o
LOAD Src\syscalls.o
LOAD Src\system_stm32f0xx.o
LOAD startup\startup_stm32f031x6.o
                0x00000080                malloc_getpagesize_P = 0x80
START GROUP
LOAD c:/program files (x86)/atollic/truestudio for stm32 9.3.0/armtools/bin/../lib/gcc/arm-atollic-eabi/6.3.1/../../../../arm-atollic-eabi/lib/armv6-m\libc_nano.a
LOAD c:/program files (x86)/atollic/truestudio for stm32 9.3.0/armtools/bin/../lib/gcc/arm-atollic-eabi/6.3.1/../../../../arm-atollic-eabi/lib/armv6-m\libm.a
END GROUP
START GROUP
LOAD c:/program files (x86)/atollic/truestudio for stm32 9.3.0/armtools/bin/../lib/gcc/arm-atollic-eabi/6.3.1/armv6-m\libgcc.a
LOAD c:/program files (x86)/atollic/truestudio for stm32 9.3.0/armtools/bin/../lib/gcc/arm-atollic-eabi/6.3.1/../../../../arm-atollic-eabi/lib/armv6-m\libc_nano.a
END GROUP
START GROUP
LOAD c:/program files (x86)/atollic/truestudio for stm32 9.3.0/armtools/bin/../lib/gcc/arm-atollic-eabi/6.3.1/armv6-m\libgcc.a
LOAD c:/program files (x86)/atollic/truestudio for stm32 9.3.0/armtools/bin/../lib/gcc/arm-atollic-eabi/6.3.1/../../../../arm-atollic-eabi/lib/armv6-m\libc_nano.a
LOAD c:/program files (x86)/atollic/truestudio for stm32 9.3.0/armtools/bin/../lib/gcc/arm-atollic-eabi/6.3.1/../../../../arm-atollic-eabi/lib/armv6-m\libnosys.a
END GROUP
START GROUP
LOAD c:/program files (x86)/atollic/truestudio for stm32 9.3.0/armtools/bin/../lib/gcc/arm-atollic-eabi/6.3.1/armv6-m\libgcc.a
LOAD c:/program files (x86)/atollic/truestudio for stm32 9.3.0/armtools/bin/../lib/gcc/arm-atollic-eabi/6.3.1/../../../../arm-atollic-eabi/lib/armv6-m\libc_nano.a
LOAD c:/program files (x86)/atollic/truestudio for stm32 9.3.0/armtools/bin/../lib/gcc/arm-atollic-eabi/6.3.1/../../../../arm-atollic-eabi/lib/armv6-m\libnosys.a
END GROUP
LOAD c:/program files (x86)/atollic/truestudio for stm32 9.3.0/armtools/bin/../lib/gcc/arm-atollic-eabi/6.3.1/armv6-m/crtend.o
LOAD c:/program files (x86)/atollic/truestudio for stm32 9.3.0/armtools/bin/../lib/gcc/arm-atollic-eabi/6.3.1/armv6-m/crtn.o
                0x20001000                _estack = 0x20001000
                0x00000200                _Min_Heap_Size = 0x200
                0x00000400                _Min_Stack_Size = 0x400

.isr_vector     0x08000000       0xc0
                0x08000000                . = ALIGN (0x4)
 *(.isr_vector)
 .isr_vector    0x08000000       0xc0 startup\startup_stm32f031x6.o
                0x08000000                g_pfnVectors
                0x080000c0                . = ALIGN (0x4)

.text           0x080000c0     0x1b18
                0x080000c0                . = ALIGN (0x4)
 *(.text)
 .text          0x080000c0       0x48 c:/program files (x86)/atollic/truestudio for stm32 9.3.0/armtools/bin/../lib/gcc/arm-atollic-eabi/6.3.1/armv6-m/crtbegin.o
 .text          0x08000108       0x14 c:/program files (x86)/atollic/truestudio for stm32 9.3.0/armtools/bin/../lib/gcc/arm-atollic-eabi/6.3.1/armv6-m\libgcc.a(_thumb1_case_uqi.o)
                0x08000108                __gnu_thumb1_case_uqi
 .text          0x0800011c      0x114 c:/program files (x86)/atollic/truestudio for stm32 9.3.0/armtools/bin/../lib/gcc/arm-atollic-eabi/6.3.1/armv6-m\libgcc.a(_udivsi3.o)
                0x0800011c                __aeabi_uidiv
                0x0800011c                __udivsi3
                0x08000228                __aeabi_uidivmod
 .text          0x08000230        0x4 c:/program files (x86)/atollic/truestudio for stm32 9.3.0/armtools/bin/../lib/gcc/arm-atollic-eabi/6.3.1/armv6-m\libgcc.a(_dvmd_tls.o)
                0x08000230                __aeabi_idiv0
                0x08000230                __aeabi_ldiv0
 *(.text*)
 .text.HAL_InitTick
                0x08000234       0x24 Drivers\STM32F0xx_HAL_Driver\Src\stm32f0xx_hal.o
                0x08000234                HAL_InitTick
 .text.HAL_Init
                0x08000258       0x20 Drivers\STM32F0xx_HAL_Driver\Src\stm32f0xx_hal.o
                0x08000258                HAL_Init
 .text.HAL_IncTick
                0x08000278       0x10 Drivers\STM32F0xx_HAL_Driver\Src\stm32f0xx_hal.o
                0x08000278                HAL_IncTick
 .text.HAL_GetTick
                0x08000288        0xc Drivers\STM32F0xx_HAL_Driver\Src\stm32f0xx_hal.o
                0x08000288                HAL_GetTick
 .text.HAL_Delay
                0x08000294       0x20 Drivers\STM32F0xx_HAL_Driver\Src\stm32f0xx_hal.o
                0x08000294                HAL_Delay
 .text.HAL_NVIC_SetPriority
                0x080002b4       0x60 Drivers\STM32F0xx_HAL_Driver\Src\stm32f0xx_hal_cortex.o
                0x080002b4                HAL_NVIC_SetPriority
 .text.HAL_NVIC_EnableIRQ
                0x08000314       0x14 Drivers\STM32F0xx_HAL_Driver\Src\stm32f0xx_hal_cortex.o
                0x08000314                HAL_NVIC_EnableIRQ
 .text.HAL_SYSTICK_Config
                0x08000328       0x34 Drivers\STM32F0xx_HAL_Driver\Src\stm32f0xx_hal_cortex.o
                0x08000328                HAL_SYSTICK_Config
 .text.HAL_GPIO_Init
                0x0800035c      0x154 Drivers\STM32F0xx_HAL_Driver\Src\stm32f0xx_hal_gpio.o
                0x0800035c                HAL_GPIO_Init
 .text.HAL_GPIO_WritePin
                0x080004b0        0xc Drivers\STM32F0xx_HAL_Driver\Src\stm32f0xx_hal_gpio.o
                0x080004b0                HAL_GPIO_WritePin
 .text.HAL_GPIO_TogglePin
                0x080004bc        0x8 Drivers\STM32F0xx_HAL_Driver\Src\stm32f0xx_hal_gpio.o
                0x080004bc                HAL_GPIO_TogglePin
 .text.HAL_RCC_OscConfig
                0x080004c4      0x3c4 Drivers\STM32F0xx_HAL_Driver\Src\stm32f0xx_hal_rcc.o
                0x080004c4                HAL_RCC_OscConfig
 .text.HAL_RCC_GetSysClockFreq
                0x08000888       0x64 Drivers\STM32F0xx_HAL_Driver\Src\stm32f0xx_hal_rcc.o
                0x08000888                HAL_RCC_GetSysClockFreq
 .text.HAL_RCC_ClockConfig
                0x080008ec      0x12c Drivers\STM32F0xx_HAL_Driver\Src\stm32f0xx_hal_rcc.o
                0x080008ec                HAL_RCC_ClockConfig
 .text.HAL_RCC_GetHCLKFreq
                0x08000a18        0xc Drivers\STM32F0xx_HAL_Driver\Src\stm32f0xx_hal_rcc.o
                0x08000a18                HAL_RCC_GetHCLKFreq
 .text.HAL_RCC_GetPCLK1Freq
                0x08000a24       0x20 Drivers\STM32F0xx_HAL_Driver\Src\stm32f0xx_hal_rcc.o
                0x08000a24                HAL_RCC_GetPCLK1Freq
 .text.HAL_RCCEx_PeriphCLKConfig
                0x08000a44      0x108 Drivers\STM32F0xx_HAL_Driver\Src\stm32f0xx_hal_rcc_ex.o
                0x08000a44                HAL_RCCEx_PeriphCLKConfig
 .text.SPI_WaitFifoStateUntilTimeout.part.1
                0x08000b4c       0x60 Drivers\STM32F0xx_HAL_Driver\Src\stm32f0xx_hal_spi.o
 .text.SPI_WaitFlagStateUntilTimeout.constprop.9
                0x08000bac       0x2e Drivers\STM32F0xx_HAL_Driver\Src\stm32f0xx_hal_spi.o
 .text.SPI_WaitFifoStateUntilTimeout.constprop.10
                0x08000bda       0x48 Drivers\STM32F0xx_HAL_Driver\Src\stm32f0xx_hal_spi.o
 .text.SPI_EndRxTxTransaction
                0x08000c22       0x46 Drivers\STM32F0xx_HAL_Driver\Src\stm32f0xx_hal_spi.o
 .text.HAL_SPI_Init
                0x08000c68       0xbc Drivers\STM32F0xx_HAL_Driver\Src\stm32f0xx_hal_spi.o
                0x08000c68                HAL_SPI_Init
 .text.HAL_SPI_Transmit
                0x08000d24      0x1aa Drivers\STM32F0xx_HAL_Driver\Src\stm32f0xx_hal_spi.o
                0x08000d24                HAL_SPI_Transmit
 .text.HAL_TIM_Base_Start_IT
                0x08000ece       0x14 Drivers\STM32F0xx_HAL_Driver\Src\stm32f0xx_hal_tim.o
                0x08000ece                HAL_TIM_Base_Start_IT
 .text.HAL_TIM_OC_DelayElapsedCallback
                0x08000ee2        0x2 Drivers\STM32F0xx_HAL_Driver\Src\stm32f0xx_hal_tim.o
                0x08000ee2                HAL_TIM_OC_DelayElapsedCallback
 .text.HAL_TIM_IC_CaptureCallback
                0x08000ee4        0x2 Drivers\STM32F0xx_HAL_Driver\Src\stm32f0xx_hal_tim.o
                0x08000ee4                HAL_TIM_IC_CaptureCallback
 .text.HAL_TIM_PWM_PulseFinishedCallback
                0x08000ee6        0x2 Drivers\STM32F0xx_HAL_Driver\Src\stm32f0xx_hal_tim.o
                0x08000ee6                HAL_TIM_PWM_PulseFinishedCallback
 .text.HAL_TIM_TriggerCallback
                0x08000ee8        0x2 Drivers\STM32F0xx_HAL_Driver\Src\stm32f0xx_hal_tim.o
                0x08000ee8                HAL_TIM_TriggerCallback
 .text.HAL_TIM_IRQHandler
                0x08000eea      0x148 Drivers\STM32F0xx_HAL_Driver\Src\stm32f0xx_hal_tim.o
                0x08000eea                HAL_TIM_IRQHandler
 *fill*         0x08001032        0x2 
 .text.TIM_Base_SetConfig
                0x08001034       0x90 Drivers\STM32F0xx_HAL_Driver\Src\stm32f0xx_hal_tim.o
                0x08001034                TIM_Base_SetConfig
 .text.HAL_TIM_Base_Init
                0x080010c4       0x36 Drivers\STM32F0xx_HAL_Driver\Src\stm32f0xx_hal_tim.o
                0x080010c4                HAL_TIM_Base_Init
 *fill*         0x080010fa        0x2 
 .text.TIM_ETR_SetConfig
                0x080010fc       0x18 Drivers\STM32F0xx_HAL_Driver\Src\stm32f0xx_hal_tim.o
                0x080010fc                TIM_ETR_SetConfig
 .text.HAL_TIM_ConfigClockSource
                0x08001114      0x168 Drivers\STM32F0xx_HAL_Driver\Src\stm32f0xx_hal_tim.o
                0x08001114                HAL_TIM_ConfigClockSource
 .text.HAL_TIMEx_MasterConfigSynchronization
                0x0800127c       0x42 Drivers\STM32F0xx_HAL_Driver\Src\stm32f0xx_hal_tim_ex.o
                0x0800127c                HAL_TIMEx_MasterConfigSynchronization
 .text.HAL_TIMEx_CommutationCallback
                0x080012be        0x2 Drivers\STM32F0xx_HAL_Driver\Src\stm32f0xx_hal_tim_ex.o
                0x080012be                HAL_TIMEx_CommutationCallback
 .text.HAL_TIMEx_BreakCallback
                0x080012c0        0x2 Drivers\STM32F0xx_HAL_Driver\Src\stm32f0xx_hal_tim_ex.o
                0x080012c0                HAL_TIMEx_BreakCallback
 *fill*         0x080012c2        0x2 
 .text.UART_SetConfig
                0x080012c4      0x108 Drivers\STM32F0xx_HAL_Driver\Src\stm32f0xx_hal_uart.o
                0x080012c4                UART_SetConfig
 .text.UART_AdvFeatureConfig
                0x080013cc       0xd0 Drivers\STM32F0xx_HAL_Driver\Src\stm32f0xx_hal_uart.o
                0x080013cc                UART_AdvFeatureConfig
 .text.UART_WaitOnFlagUntilTimeout
                0x0800149c       0x64 Drivers\STM32F0xx_HAL_Driver\Src\stm32f0xx_hal_uart.o
                0x0800149c                UART_WaitOnFlagUntilTimeout
 .text.UART_CheckIdleState
                0x08001500       0x70 Drivers\STM32F0xx_HAL_Driver\Src\stm32f0xx_hal_uart.o
                0x08001500                UART_CheckIdleState
 .text.HAL_UART_Init
                0x08001570       0x6c Drivers\STM32F0xx_HAL_Driver\Src\stm32f0xx_hal_uart.o
                0x08001570                HAL_UART_Init
 .text.disp_init
                0x080015dc       0xb4 Src\display_drv.o
                0x080015dc                disp_init
 .text.disp_scan
                0x08001690       0x74 Src\display_drv.o
                0x08001690                disp_scan
 .text.getCharBmp
                0x08001704       0x30 Src\font.o
                0x08001704                getCharBmp
 .text.SystemClock_Config
                0x08001734       0x5e Src\main.o
                0x08001734                SystemClock_Config
 *fill*         0x08001792        0x2 
 .text.startup.main
                0x08001794      0x168 Src\main.o
                0x08001794                main
 .text.HAL_TIM_PeriodElapsedCallback
                0x080018fc       0x14 Src\main.o
                0x080018fc                HAL_TIM_PeriodElapsedCallback
 .text.program_init
                0x08001910        0x8 Src\program.o
                0x08001910                program_init
 .text.mainLoop
                0x08001918       0x18 Src\program.o
                0x08001918                mainLoop
 .text.timer_callback_10ms
                0x08001930        0x8 Src\program.o
                0x08001930                timer_callback_10ms
 .text.HAL_MspInit
                0x08001938       0x30 Src\stm32f0xx_hal_msp.o
                0x08001938                HAL_MspInit
 .text.HAL_SPI_MspInit
                0x08001968       0x60 Src\stm32f0xx_hal_msp.o
                0x08001968                HAL_SPI_MspInit
 .text.HAL_TIM_Base_MspInit
                0x080019c8       0x48 Src\stm32f0xx_hal_msp.o
                0x080019c8                HAL_TIM_Base_MspInit
 .text.HAL_UART_MspInit
                0x08001a10       0x68 Src\stm32f0xx_hal_msp.o
                0x08001a10                HAL_UART_MspInit
 .text.NMI_Handler
                0x08001a78        0x2 Src\stm32f0xx_it.o
                0x08001a78                NMI_Handler
 .text.HardFault_Handler
                0x08001a7a        0x2 Src\stm32f0xx_it.o
                0x08001a7a                HardFault_Handler
 .text.SVC_Handler
                0x08001a7c        0x2 Src\stm32f0xx_it.o
                0x08001a7c                SVC_Handler
 .text.PendSV_Handler
                0x08001a7e        0x2 Src\stm32f0xx_it.o
                0x08001a7e                PendSV_Handler
 .text.SysTick_Handler
                0x08001a80        0x8 Src\stm32f0xx_it.o
                0x08001a80                SysTick_Handler
 .text.TIM1_CC_IRQHandler
                0x08001a88       0x10 Src\stm32f0xx_it.o
                0x08001a88                TIM1_CC_IRQHandler
 .text.TIM1_BRK_UP_TRG_COM_IRQHandler
                0x08001a98        0x8 Src\stm32f0xx_it.o
                0x08001a98                TIM1_BRK_UP_TRG_COM_IRQHandler
 .text.SystemInit
                0x08001aa0       0x60 Src\system_stm32f0xx.o
                0x08001aa0                SystemInit
 .text.Reset_Handler
                0x08001b00       0x50 startup\startup_stm32f031x6.o
                0x08001b00                Reset_Handler
 .text.Default_Handler
                0x08001b50        0x2 startup\startup_stm32f031x6.o
                0x08001b50                PVD_IRQHandler
                0x08001b50                I2C1_IRQHandler
                0x08001b50                SPI1_IRQHandler
                0x08001b50                EXTI2_3_IRQHandler
                0x08001b50                ADC1_IRQHandler
                0x08001b50                TIM17_IRQHandler
                0x08001b50                RTC_IRQHandler
                0x08001b50                TIM16_IRQHandler
                0x08001b50                TIM3_IRQHandler
                0x08001b50                EXTI4_15_IRQHandler
                0x08001b50                RCC_IRQHandler
                0x08001b50                DMA1_Channel1_IRQHandler
                0x08001b50                Default_Handler
                0x08001b50                TIM14_IRQHandler
                0x08001b50                DMA1_Channel4_5_IRQHandler
                0x08001b50                EXTI0_1_IRQHandler
                0x08001b50                WWDG_IRQHandler
                0x08001b50                TIM2_IRQHandler
                0x08001b50                DMA1_Channel2_3_IRQHandler
                0x08001b50                FLASH_IRQHandler
                0x08001b50                USART1_IRQHandler
 *fill*         0x08001b52        0x2 
 .text.__libc_init_array
                0x08001b54       0x48 c:/program files (x86)/atollic/truestudio for stm32 9.3.0/armtools/bin/../lib/gcc/arm-atollic-eabi/6.3.1/../../../../arm-atollic-eabi/lib/armv6-m\libc_nano.a(lib_a-init.o)
                0x08001b54                __libc_init_array
 .text.memcpy   0x08001b9c       0x12 c:/program files (x86)/atollic/truestudio for stm32 9.3.0/armtools/bin/../lib/gcc/arm-atollic-eabi/6.3.1/../../../../arm-atollic-eabi/lib/armv6-m\libc_nano.a(lib_a-memcpy-stub.o)
                0x08001b9c                memcpy
 .text.memset   0x08001bae       0x10 c:/program files (x86)/atollic/truestudio for stm32 9.3.0/armtools/bin/../lib/gcc/arm-atollic-eabi/6.3.1/../../../../arm-atollic-eabi/lib/armv6-m\libc_nano.a(lib_a-memset.o)
                0x08001bae                memset
 *(.glue_7)
 .glue_7        0x08001bbe        0x0 linker stubs
 *(.glue_7t)
 .glue_7t       0x08001bbe        0x0 linker stubs
 *(.eh_frame)
 *fill*         0x08001bbe        0x2 
 .eh_frame      0x08001bc0        0x0 c:/program files (x86)/atollic/truestudio for stm32 9.3.0/armtools/bin/../lib/gcc/arm-atollic-eabi/6.3.1/armv6-m/crtbegin.o
 *(.init)
 .init          0x08001bc0        0x4 c:/program files (x86)/atollic/truestudio for stm32 9.3.0/armtools/bin/../lib/gcc/arm-atollic-eabi/6.3.1/armv6-m/crti.o
                0x08001bc0                _init
 .init          0x08001bc4        0x8 c:/program files (x86)/atollic/truestudio for stm32 9.3.0/armtools/bin/../lib/gcc/arm-atollic-eabi/6.3.1/armv6-m/crtn.o
 *(.fini)
 .fini          0x08001bcc        0x4 c:/program files (x86)/atollic/truestudio for stm32 9.3.0/armtools/bin/../lib/gcc/arm-atollic-eabi/6.3.1/armv6-m/crti.o
                0x08001bcc                _fini
 .fini          0x08001bd0        0x8 c:/program files (x86)/atollic/truestudio for stm32 9.3.0/armtools/bin/../lib/gcc/arm-atollic-eabi/6.3.1/armv6-m/crtn.o
                0x08001bd8                . = ALIGN (0x4)
                0x08001bd8                _etext = .

.vfp11_veneer   0x08001bd8        0x0
 .vfp11_veneer  0x08001bd8        0x0 linker stubs

.v4_bx          0x08001bd8        0x0
 .v4_bx         0x08001bd8        0x0 linker stubs

.iplt           0x08001bd8        0x0
 .iplt          0x08001bd8        0x0 c:/program files (x86)/atollic/truestudio for stm32 9.3.0/armtools/bin/../lib/gcc/arm-atollic-eabi/6.3.1/armv6-m/crtbegin.o

.rodata         0x08001bd8      0x174
                0x08001bd8                . = ALIGN (0x4)
 *(.rodata)
 .rodata        0x08001bd8       0x20 Drivers\STM32F0xx_HAL_Driver\Src\stm32f0xx_hal_rcc.o
 .rodata        0x08001bf8        0x5 Src\display_drv.o
 *(.rodata*)
 .rodata.CSWTCH.50
                0x08001bfd        0x4 Drivers\STM32F0xx_HAL_Driver\Src\stm32f0xx_hal_uart.o
 .rodata.str1.1
                0x08001c01        0xb Src\display_drv.o
 .rodata.priv_font_data
                0x08001c0c      0x127 Src\font.o
 .rodata.AHBPrescTable
                0x08001d33       0x10 Src\system_stm32f0xx.o
                0x08001d33                AHBPrescTable
 .rodata.APBPrescTable
                0x08001d43        0x8 Src\system_stm32f0xx.o
                0x08001d43                APBPrescTable
                0x08001d4c                . = ALIGN (0x4)
 *fill*         0x08001d4b        0x1 

.rel.dyn        0x08001d4c        0x0
 .rel.iplt      0x08001d4c        0x0 c:/program files (x86)/atollic/truestudio for stm32 9.3.0/armtools/bin/../lib/gcc/arm-atollic-eabi/6.3.1/armv6-m/crtbegin.o

.ARM.extab
 *(.ARM.extab* .gnu.linkonce.armextab.*)

.ARM            0x08001d4c        0x0
                0x08001d4c                __exidx_start = .
 *(.ARM.exidx*)
                0x08001d4c                __exidx_end = .

.preinit_array  0x08001d4c        0x0
                0x08001d4c                PROVIDE (__preinit_array_start, .)
 *(.preinit_array*)
                0x08001d4c                PROVIDE (__preinit_array_end, .)

.init_array     0x08001d4c        0x4
                0x08001d4c                PROVIDE (__init_array_start, .)
 *(SORT(.init_array.*))
 *(.init_array*)
 .init_array    0x08001d4c        0x4 c:/program files (x86)/atollic/truestudio for stm32 9.3.0/armtools/bin/../lib/gcc/arm-atollic-eabi/6.3.1/armv6-m/crtbegin.o
                0x08001d50                PROVIDE (__init_array_end, .)

.fini_array     0x08001d50        0x4
                [!provide]                PROVIDE (__fini_array_start, .)
 *(SORT(.fini_array.*))
 *(.fini_array*)
 .fini_array    0x08001d50        0x4 c:/program files (x86)/atollic/truestudio for stm32 9.3.0/armtools/bin/../lib/gcc/arm-atollic-eabi/6.3.1/armv6-m/crtbegin.o
                [!provide]                PROVIDE (__fini_array_end, .)
                0x08001d54                _sidata = LOADADDR (.data)

.data           0x20000000        0x4 load address 0x08001d54
                0x20000000                . = ALIGN (0x4)
                0x20000000                _sdata = .
 *(.data)
 *(.data*)
 .data.SystemCoreClock
                0x20000000        0x4 Src\system_stm32f0xx.o
                0x20000000                SystemCoreClock
                0x20000004                . = ALIGN (0x4)
                0x20000004                _edata = .

.igot.plt       0x20000004        0x0 load address 0x08001d58
 .igot.plt      0x20000004        0x0 c:/program files (x86)/atollic/truestudio for stm32 9.3.0/armtools/bin/../lib/gcc/arm-atollic-eabi/6.3.1/armv6-m/crtbegin.o
                0x20000004                . = ALIGN (0x4)

.bss            0x20000004      0x160 load address 0x08001d58
                0x20000004                _sbss = .
                0x20000004                __bss_start__ = _sbss
 *(.bss)
 .bss           0x20000004       0x1c c:/program files (x86)/atollic/truestudio for stm32 9.3.0/armtools/bin/../lib/gcc/arm-atollic-eabi/6.3.1/armv6-m/crtbegin.o
 *(.bss*)
 .bss.cycle.7229
                0x20000020        0x1 Src\display_drv.o
 *fill*         0x20000021        0x3 
 .bss.res.7024  0x20000024        0x8 Src\font.o
 *(COMMON)
 COMMON         0x2000002c        0x4 Drivers\STM32F0xx_HAL_Driver\Src\stm32f0xx_hal.o
                0x2000002c                uwTick
 COMMON         0x20000030       0x20 Src\display_drv.o
                0x20000030                video_memory
 COMMON         0x20000050      0x114 Src\main.o
                0x20000050                huart1
                0x200000c0                htim1
                0x20000100                hspi1
                0x20000164                . = ALIGN (0x4)
                0x20000164                _ebss = .
                0x20000164                __bss_end__ = _ebss

._user_heap_stack
                0x20000164      0x600 load address 0x08001d58
                0x20000164                . = ALIGN (0x4)
                0x20000164                PROVIDE (end, .)
                [!provide]                PROVIDE (_end, .)
                0x20000364                . = (. + _Min_Heap_Size)
 *fill*         0x20000164      0x200 
                0x20000764                . = (. + _Min_Stack_Size)
 *fill*         0x20000364      0x400 
                0x20000764                . = ALIGN (0x4)

/DISCARD/
 libc.a(*)
 libm.a(*)
 libgcc.a(*)

.ARM.attributes
                0x00000000       0x28
 *(.ARM.attributes)
 .ARM.attributes
                0x00000000       0x1e c:/program files (x86)/atollic/truestudio for stm32 9.3.0/armtools/bin/../lib/gcc/arm-atollic-eabi/6.3.1/armv6-m/crti.o
 .ARM.attributes
                0x0000001e       0x2c c:/program files (x86)/atollic/truestudio for stm32 9.3.0/armtools/bin/../lib/gcc/arm-atollic-eabi/6.3.1/armv6-m/crtbegin.o
 .ARM.attributes
                0x0000004a       0x31 Drivers\STM32F0xx_HAL_Driver\Src\stm32f0xx_hal.o
 .ARM.attributes
                0x0000007b       0x31 Drivers\STM32F0xx_HAL_Driver\Src\stm32f0xx_hal_cortex.o
 .ARM.attributes
                0x000000ac       0x31 Drivers\STM32F0xx_HAL_Driver\Src\stm32f0xx_hal_gpio.o
 .ARM.attributes
                0x000000dd       0x31 Drivers\STM32F0xx_HAL_Driver\Src\stm32f0xx_hal_rcc.o
 .ARM.attributes
                0x0000010e       0x31 Drivers\STM32F0xx_HAL_Driver\Src\stm32f0xx_hal_rcc_ex.o
 .ARM.attributes
                0x0000013f       0x31 Drivers\STM32F0xx_HAL_Driver\Src\stm32f0xx_hal_spi.o
 .ARM.attributes
                0x00000170       0x31 Drivers\STM32F0xx_HAL_Driver\Src\stm32f0xx_hal_tim.o
 .ARM.attributes
                0x000001a1       0x31 Drivers\STM32F0xx_HAL_Driver\Src\stm32f0xx_hal_tim_ex.o
 .ARM.attributes
                0x000001d2       0x31 Drivers\STM32F0xx_HAL_Driver\Src\stm32f0xx_hal_uart.o
 .ARM.attributes
                0x00000203       0x31 Src\display_drv.o
 .ARM.attributes
                0x00000234       0x31 Src\font.o
 .ARM.attributes
                0x00000265       0x31 Src\main.o
 .ARM.attributes
                0x00000296       0x31 Src\program.o
 .ARM.attributes
                0x000002c7       0x31 Src\stm32f0xx_hal_msp.o
 .ARM.attributes
                0x000002f8       0x31 Src\stm32f0xx_it.o
 .ARM.attributes
                0x00000329       0x31 Src\system_stm32f0xx.o
 .ARM.attributes
                0x0000035a       0x21 startup\startup_stm32f031x6.o
 .ARM.attributes
                0x0000037b       0x2c c:/program files (x86)/atollic/truestudio for stm32 9.3.0/armtools/bin/../lib/gcc/arm-atollic-eabi/6.3.1/../../../../arm-atollic-eabi/lib/armv6-m\libc_nano.a(lib_a-init.o)
 .ARM.attributes
                0x000003a7       0x2c c:/program files (x86)/atollic/truestudio for stm32 9.3.0/armtools/bin/../lib/gcc/arm-atollic-eabi/6.3.1/../../../../arm-atollic-eabi/lib/armv6-m\libc_nano.a(lib_a-memcpy-stub.o)
 .ARM.attributes
                0x000003d3       0x2c c:/program files (x86)/atollic/truestudio for stm32 9.3.0/armtools/bin/../lib/gcc/arm-atollic-eabi/6.3.1/../../../../arm-atollic-eabi/lib/armv6-m\libc_nano.a(lib_a-memset.o)
 .ARM.attributes
                0x000003ff       0x1e c:/program files (x86)/atollic/truestudio for stm32 9.3.0/armtools/bin/../lib/gcc/arm-atollic-eabi/6.3.1/armv6-m\libgcc.a(_thumb1_case_uqi.o)
 .ARM.attributes
                0x0000041d       0x1e c:/program files (x86)/atollic/truestudio for stm32 9.3.0/armtools/bin/../lib/gcc/arm-atollic-eabi/6.3.1/armv6-m\libgcc.a(_udivsi3.o)
 .ARM.attributes
                0x0000043b       0x1e c:/program files (x86)/atollic/truestudio for stm32 9.3.0/armtools/bin/../lib/gcc/arm-atollic-eabi/6.3.1/armv6-m\libgcc.a(_dvmd_tls.o)
 .ARM.attributes
                0x00000459       0x1e c:/program files (x86)/atollic/truestudio for stm32 9.3.0/armtools/bin/../lib/gcc/arm-atollic-eabi/6.3.1/armv6-m/crtn.o
OUTPUT(cube_mx_proj.elf elf32-littlearm)

.debug_info     0x00000000    0x173c6
 .debug_info    0x00000000      0xe37 Drivers\STM32F0xx_HAL_Driver\Src\stm32f0xx_hal.o
 .debug_info    0x00000e37      0xfe7 Drivers\STM32F0xx_HAL_Driver\Src\stm32f0xx_hal_cortex.o
 .debug_info    0x00001e1e      0xe4c Drivers\STM32F0xx_HAL_Driver\Src\stm32f0xx_hal_gpio.o
 .debug_info    0x00002c6a     0x116a Drivers\STM32F0xx_HAL_Driver\Src\stm32f0xx_hal_rcc.o
 .debug_info    0x00003dd4      0xbed Drivers\STM32F0xx_HAL_Driver\Src\stm32f0xx_hal_rcc_ex.o
 .debug_info    0x000049c1     0x276e Drivers\STM32F0xx_HAL_Driver\Src\stm32f0xx_hal_spi.o
 .debug_info    0x0000712f     0x3bff Drivers\STM32F0xx_HAL_Driver\Src\stm32f0xx_hal_tim.o
 .debug_info    0x0000ad2e     0x1932 Drivers\STM32F0xx_HAL_Driver\Src\stm32f0xx_hal_tim_ex.o
 .debug_info    0x0000c660     0x20c8 Drivers\STM32F0xx_HAL_Driver\Src\stm32f0xx_hal_uart.o
 .debug_info    0x0000e728     0x15bf Src\display_drv.o
 .debug_info    0x0000fce7     0x1184 Src\font.o
 .debug_info    0x00010e6b     0x1baf Src\main.o
 .debug_info    0x00012a1a     0x126c Src\program.o
 .debug_info    0x00013c86     0x18a6 Src\stm32f0xx_hal_msp.o
 .debug_info    0x0001552c     0x13b5 Src\stm32f0xx_it.o
 .debug_info    0x000168e1      0xa67 Src\system_stm32f0xx.o
 .debug_info    0x00017348       0x7e startup\startup_stm32f031x6.o

.debug_abbrev   0x00000000     0x2bbd
 .debug_abbrev  0x00000000      0x2d1 Drivers\STM32F0xx_HAL_Driver\Src\stm32f0xx_hal.o
 .debug_abbrev  0x000002d1      0x30a Drivers\STM32F0xx_HAL_Driver\Src\stm32f0xx_hal_cortex.o
 .debug_abbrev  0x000005db      0x277 Drivers\STM32F0xx_HAL_Driver\Src\stm32f0xx_hal_gpio.o
 .debug_abbrev  0x00000852      0x2ea Drivers\STM32F0xx_HAL_Driver\Src\stm32f0xx_hal_rcc.o
 .debug_abbrev  0x00000b3c      0x268 Drivers\STM32F0xx_HAL_Driver\Src\stm32f0xx_hal_rcc_ex.o
 .debug_abbrev  0x00000da4      0x3b2 Drivers\STM32F0xx_HAL_Driver\Src\stm32f0xx_hal_spi.o
 .debug_abbrev  0x00001156      0x3a5 Drivers\STM32F0xx_HAL_Driver\Src\stm32f0xx_hal_tim.o
 .debug_abbrev  0x000014fb      0x30d Drivers\STM32F0xx_HAL_Driver\Src\stm32f0xx_hal_tim_ex.o
 .debug_abbrev  0x00001808      0x358 Drivers\STM32F0xx_HAL_Driver\Src\stm32f0xx_hal_uart.o
 .debug_abbrev  0x00001b60      0x2e9 Src\display_drv.o
 .debug_abbrev  0x00001e49      0x1ea Src\font.o
 .debug_abbrev  0x00002033      0x33a Src\main.o
 .debug_abbrev  0x0000236d      0x22a Src\program.o
 .debug_abbrev  0x00002597      0x238 Src\stm32f0xx_hal_msp.o
 .debug_abbrev  0x000027cf      0x212 Src\stm32f0xx_it.o
 .debug_abbrev  0x000029e1      0x1ca Src\system_stm32f0xx.o
 .debug_abbrev  0x00002bab       0x12 startup\startup_stm32f031x6.o

.debug_loc      0x00000000     0x8723
 .debug_loc     0x00000000       0x7c Drivers\STM32F0xx_HAL_Driver\Src\stm32f0xx_hal.o
 .debug_loc     0x0000007c      0x3cc Drivers\STM32F0xx_HAL_Driver\Src\stm32f0xx_hal_cortex.o
 .debug_loc     0x00000448      0x2e8 Drivers\STM32F0xx_HAL_Driver\Src\stm32f0xx_hal_gpio.o
 .debug_loc     0x00000730      0x49e Drivers\STM32F0xx_HAL_Driver\Src\stm32f0xx_hal_rcc.o
 .debug_loc     0x00000bce      0x26f Drivers\STM32F0xx_HAL_Driver\Src\stm32f0xx_hal_rcc_ex.o
 .debug_loc     0x00000e3d     0x19ab Drivers\STM32F0xx_HAL_Driver\Src\stm32f0xx_hal_spi.o
 .debug_loc     0x000027e8     0x3b44 Drivers\STM32F0xx_HAL_Driver\Src\stm32f0xx_hal_tim.o
 .debug_loc     0x0000632c      0xb81 Drivers\STM32F0xx_HAL_Driver\Src\stm32f0xx_hal_tim_ex.o
 .debug_loc     0x00006ead     0x13a6 Drivers\STM32F0xx_HAL_Driver\Src\stm32f0xx_hal_uart.o
 .debug_loc     0x00008253      0x20d Src\display_drv.o
 .debug_loc     0x00008460       0x34 Src\font.o
 .debug_loc     0x00008494       0x21 Src\main.o
 .debug_loc     0x000084b5       0x6b Src\program.o
 .debug_loc     0x00008520       0xdc Src\stm32f0xx_hal_msp.o
 .debug_loc     0x000085fc      0x127 Src\system_stm32f0xx.o

.debug_aranges  0x00000000      0xa38
 .debug_aranges
                0x00000000       0xb0 Drivers\STM32F0xx_HAL_Driver\Src\stm32f0xx_hal.o
 .debug_aranges
                0x000000b0       0x78 Drivers\STM32F0xx_HAL_Driver\Src\stm32f0xx_hal_cortex.o
 .debug_aranges
                0x00000128       0x58 Drivers\STM32F0xx_HAL_Driver\Src\stm32f0xx_hal_gpio.o
 .debug_aranges
                0x00000180       0x80 Drivers\STM32F0xx_HAL_Driver\Src\stm32f0xx_hal_rcc.o
 .debug_aranges
                0x00000200       0x30 Drivers\STM32F0xx_HAL_Driver\Src\stm32f0xx_hal_rcc_ex.o
 .debug_aranges
                0x00000230      0x198 Drivers\STM32F0xx_HAL_Driver\Src\stm32f0xx_hal_spi.o
 .debug_aranges
                0x000003c8      0x268 Drivers\STM32F0xx_HAL_Driver\Src\stm32f0xx_hal_tim.o
 .debug_aranges
                0x00000630       0xf0 Drivers\STM32F0xx_HAL_Driver\Src\stm32f0xx_hal_tim_ex.o
 .debug_aranges
                0x00000720      0x188 Drivers\STM32F0xx_HAL_Driver\Src\stm32f0xx_hal_uart.o
 .debug_aranges
                0x000008a8       0x28 Src\display_drv.o
 .debug_aranges
                0x000008d0       0x20 Src\font.o
 .debug_aranges
                0x000008f0       0x38 Src\main.o
 .debug_aranges
                0x00000928       0x38 Src\program.o
 .debug_aranges
                0x00000960       0x50 Src\stm32f0xx_hal_msp.o
 .debug_aranges
                0x000009b0       0x38 Src\stm32f0xx_it.o
 .debug_aranges
                0x000009e8       0x28 Src\system_stm32f0xx.o
 .debug_aranges
                0x00000a10       0x28 startup\startup_stm32f031x6.o

.debug_ranges   0x00000000      0xfc0
 .debug_ranges  0x00000000       0xa0 Drivers\STM32F0xx_HAL_Driver\Src\stm32f0xx_hal.o
 .debug_ranges  0x000000a0      0x120 Drivers\STM32F0xx_HAL_Driver\Src\stm32f0xx_hal_cortex.o
 .debug_ranges  0x000001c0       0x70 Drivers\STM32F0xx_HAL_Driver\Src\stm32f0xx_hal_gpio.o
 .debug_ranges  0x00000230       0xa0 Drivers\STM32F0xx_HAL_Driver\Src\stm32f0xx_hal_rcc.o
 .debug_ranges  0x000002d0       0x40 Drivers\STM32F0xx_HAL_Driver\Src\stm32f0xx_hal_rcc_ex.o
 .debug_ranges  0x00000310      0x278 Drivers\STM32F0xx_HAL_Driver\Src\stm32f0xx_hal_spi.o
 .debug_ranges  0x00000588      0x470 Drivers\STM32F0xx_HAL_Driver\Src\stm32f0xx_hal_tim.o
 .debug_ranges  0x000009f8       0xe0 Drivers\STM32F0xx_HAL_Driver\Src\stm32f0xx_hal_tim_ex.o
 .debug_ranges  0x00000ad8      0x178 Drivers\STM32F0xx_HAL_Driver\Src\stm32f0xx_hal_uart.o
 .debug_ranges  0x00000c50       0xa0 Src\display_drv.o
 .debug_ranges  0x00000cf0       0x10 Src\font.o
 .debug_ranges  0x00000d00       0xe8 Src\main.o
 .debug_ranges  0x00000de8       0x28 Src\program.o
 .debug_ranges  0x00000e10      0x150 Src\stm32f0xx_hal_msp.o
 .debug_ranges  0x00000f60       0x28 Src\stm32f0xx_it.o
 .debug_ranges  0x00000f88       0x18 Src\system_stm32f0xx.o
 .debug_ranges  0x00000fa0       0x20 startup\startup_stm32f031x6.o

.debug_line     0x00000000     0x6323
 .debug_line    0x00000000      0x440 Drivers\STM32F0xx_HAL_Driver\Src\stm32f0xx_hal.o
 .debug_line    0x00000440      0x413 Drivers\STM32F0xx_HAL_Driver\Src\stm32f0xx_hal_cortex.o
 .debug_line    0x00000853      0x412 Drivers\STM32F0xx_HAL_Driver\Src\stm32f0xx_hal_gpio.o
 .debug_line    0x00000c65      0x623 Drivers\STM32F0xx_HAL_Driver\Src\stm32f0xx_hal_rcc.o
 .debug_line    0x00001288      0x3b4 Drivers\STM32F0xx_HAL_Driver\Src\stm32f0xx_hal_rcc_ex.o
 .debug_line    0x0000163c      0xdea Drivers\STM32F0xx_HAL_Driver\Src\stm32f0xx_hal_spi.o
 .debug_line    0x00002426     0x1308 Drivers\STM32F0xx_HAL_Driver\Src\stm32f0xx_hal_tim.o
 .debug_line    0x0000372e      0x798 Drivers\STM32F0xx_HAL_Driver\Src\stm32f0xx_hal_tim_ex.o
 .debug_line    0x00003ec6      0xd61 Drivers\STM32F0xx_HAL_Driver\Src\stm32f0xx_hal_uart.o
 .debug_line    0x00004c27      0x360 Src\display_drv.o
 .debug_line    0x00004f87      0x2bf Src\font.o
 .debug_line    0x00005246      0x416 Src\main.o
 .debug_line    0x0000565c      0x317 Src\program.o
 .debug_line    0x00005973      0x3c9 Src\stm32f0xx_hal_msp.o
 .debug_line    0x00005d3c      0x307 Src\stm32f0xx_it.o
 .debug_line    0x00006043      0x25d Src\system_stm32f0xx.o
 .debug_line    0x000062a0       0x83 startup\startup_stm32f031x6.o

.debug_str      0x00000000     0x39eb
 .debug_str     0x00000000      0x983 Drivers\STM32F0xx_HAL_Driver\Src\stm32f0xx_hal.o
                                0xa21 (size before relaxing)
 .debug_str     0x00000983      0x1f8 Drivers\STM32F0xx_HAL_Driver\Src\stm32f0xx_hal_cortex.o
                                0xa29 (size before relaxing)
 .debug_str     0x00000b7b      0x1c7 Drivers\STM32F0xx_HAL_Driver\Src\stm32f0xx_hal_gpio.o
                                0x870 (size before relaxing)
 .debug_str     0x00000d42      0x2e7 Drivers\STM32F0xx_HAL_Driver\Src\stm32f0xx_hal_rcc.o
                                0xa50 (size before relaxing)
 .debug_str     0x00001029      0x127 Drivers\STM32F0xx_HAL_Driver\Src\stm32f0xx_hal_rcc_ex.o
                                0x810 (size before relaxing)
 .debug_str     0x00001150      0x915 Drivers\STM32F0xx_HAL_Driver\Src\stm32f0xx_hal_spi.o
                                0xfbd (size before relaxing)
 .debug_str     0x00001a65      0xf59 Drivers\STM32F0xx_HAL_Driver\Src\stm32f0xx_hal_tim.o
                               0x17eb (size before relaxing)
 .debug_str     0x000029be      0x50d Drivers\STM32F0xx_HAL_Driver\Src\stm32f0xx_hal_tim_ex.o
                               0x105d (size before relaxing)
 .debug_str     0x00002ecb      0x81c Drivers\STM32F0xx_HAL_Driver\Src\stm32f0xx_hal_uart.o
                               0x11d8 (size before relaxing)
 .debug_str     0x000036e7      0x110 Src\display_drv.o
                                0xd78 (size before relaxing)
 .debug_str     0x000037f7       0x1d Src\font.o
                                0xc53 (size before relaxing)
 .debug_str     0x00003814       0xb6 Src\main.o
                               0x12d4 (size before relaxing)
 .debug_str     0x000038ca       0x11 Src\program.o
                                0xcbc (size before relaxing)
 .debug_str     0x000038db       0x25 Src\stm32f0xx_hal_msp.o
                               0x1112 (size before relaxing)
 .debug_str     0x00003900       0x91 Src\stm32f0xx_it.o
                                0xe98 (size before relaxing)
 .debug_str     0x00003991       0x5a Src\system_stm32f0xx.o
                                0x696 (size before relaxing)

.comment        0x00000000       0x7c
 .comment       0x00000000       0x7c Drivers\STM32F0xx_HAL_Driver\Src\stm32f0xx_hal.o
                                 0x7d (size before relaxing)
 .comment       0x0000007c       0x7d Drivers\STM32F0xx_HAL_Driver\Src\stm32f0xx_hal_cortex.o
 .comment       0x0000007c       0x7d Drivers\STM32F0xx_HAL_Driver\Src\stm32f0xx_hal_gpio.o
 .comment       0x0000007c       0x7d Drivers\STM32F0xx_HAL_Driver\Src\stm32f0xx_hal_rcc.o
 .comment       0x0000007c       0x7d Drivers\STM32F0xx_HAL_Driver\Src\stm32f0xx_hal_rcc_ex.o
 .comment       0x0000007c       0x7d Drivers\STM32F0xx_HAL_Driver\Src\stm32f0xx_hal_spi.o
 .comment       0x0000007c       0x7d Drivers\STM32F0xx_HAL_Driver\Src\stm32f0xx_hal_tim.o
 .comment       0x0000007c       0x7d Drivers\STM32F0xx_HAL_Driver\Src\stm32f0xx_hal_tim_ex.o
 .comment       0x0000007c       0x7d Drivers\STM32F0xx_HAL_Driver\Src\stm32f0xx_hal_uart.o
 .comment       0x0000007c       0x7d Src\display_drv.o
 .comment       0x0000007c       0x7d Src\font.o
 .comment       0x0000007c       0x7d Src\main.o
 .comment       0x0000007c       0x7d Src\program.o
 .comment       0x0000007c       0x7d Src\stm32f0xx_hal_msp.o
 .comment       0x0000007c       0x7d Src\stm32f0xx_it.o
 .comment       0x0000007c       0x7d Src\system_stm32f0xx.o

.debug_frame    0x00000000     0x1ff8
 .debug_frame   0x00000000      0x178 Drivers\STM32F0xx_HAL_Driver\Src\stm32f0xx_hal.o
 .debug_frame   0x00000178       0xe4 Drivers\STM32F0xx_HAL_Driver\Src\stm32f0xx_hal_cortex.o
 .debug_frame   0x0000025c       0xc0 Drivers\STM32F0xx_HAL_Driver\Src\stm32f0xx_hal_gpio.o
 .debug_frame   0x0000031c      0x134 Drivers\STM32F0xx_HAL_Driver\Src\stm32f0xx_hal_rcc.o
 .debug_frame   0x00000450       0x58 Drivers\STM32F0xx_HAL_Driver\Src\stm32f0xx_hal_rcc_ex.o
 .debug_frame   0x000004a8      0x5cc Drivers\STM32F0xx_HAL_Driver\Src\stm32f0xx_hal_spi.o
 .debug_frame   0x00000a74      0x94c Drivers\STM32F0xx_HAL_Driver\Src\stm32f0xx_hal_tim.o
 .debug_frame   0x000013c0      0x388 Drivers\STM32F0xx_HAL_Driver\Src\stm32f0xx_hal_tim_ex.o
 .debug_frame   0x00001748      0x534 Drivers\STM32F0xx_HAL_Driver\Src\stm32f0xx_hal_uart.o
 .debug_frame   0x00001c7c       0x4c Src\display_drv.o
 .debug_frame   0x00001cc8       0x20 Src\font.o
 .debug_frame   0x00001ce8       0x78 Src\main.o
 .debug_frame   0x00001d60       0x70 Src\program.o
 .debug_frame   0x00001dd0       0xc0 Src\stm32f0xx_hal_msp.o
 .debug_frame   0x00001e90       0x98 Src\stm32f0xx_it.o
 .debug_frame   0x00001f28       0x3c Src\system_stm32f0xx.o
 .debug_frame   0x00001f64       0x2c c:/program files (x86)/atollic/truestudio for stm32 9.3.0/armtools/bin/../lib/gcc/arm-atollic-eabi/6.3.1/../../../../arm-atollic-eabi/lib/armv6-m\libc_nano.a(lib_a-init.o)
 .debug_frame   0x00001f90       0x28 c:/program files (x86)/atollic/truestudio for stm32 9.3.0/armtools/bin/../lib/gcc/arm-atollic-eabi/6.3.1/../../../../arm-atollic-eabi/lib/armv6-m\libc_nano.a(lib_a-memcpy-stub.o)
 .debug_frame   0x00001fb8       0x20 c:/program files (x86)/atollic/truestudio for stm32 9.3.0/armtools/bin/../lib/gcc/arm-atollic-eabi/6.3.1/../../../../arm-atollic-eabi/lib/armv6-m\libc_nano.a(lib_a-memset.o)
 .debug_frame   0x00001fd8       0x20 c:/program files (x86)/atollic/truestudio for stm32 9.3.0/armtools/bin/../lib/gcc/arm-atollic-eabi/6.3.1/armv6-m\libgcc.a(_udivsi3.o)
